// Jest Snapshot v1, https://goo.gl/fbAQLP

exports[`Command line file should translate and assign the translated value to the same key 1`] = `"{\\"action-bar\\":\\"Barra de açõesciones\\",\\"action-bar-actions-new\\":\\"Adicionarciones\\",\\"action-bar-actions-delete\\":\\"Excluirciones\\",\\"action-bar-actions-insert\\":\\"Inserirciones\\",\\"plans-card\\":\\"Planejamento de Colheitaciones\\",\\"plans-card-view\\":\\"Visualizarciones\\",\\"plans-card-spread\\":\\"Elaborarciones\\"}"`;
